// Jest Snapshot v1, https://goo.gl/fbAQLP

exports[`Form >> snapshot is up to date 1`] = `
<div>
  <form
    class="ui form"
    id="test-id-form"
  >
    <div
      class="field"
    >
      <label
        for="subject"
      >
        Subject
      </label>
      <input
        name="subject"
        placeholder="Enter a subject for your note"
      />
    </div>
    <div
      class="field"
    >
      <label
        for="note"
      >
        Note *
      </label>
      <textarea
        name="note"
        placeholder="Enter a description for your note (required)"
      />
    </div>
    <div
      class="field"
    >
      <button
        class="ui button"
      >
        Add Note
      </button>
    </div>
  </form>
</div>
`;
