// Jest Snapshot v1, https://goo.gl/fbAQLP

exports[`Form snapshot renders should render makeDonation form and fields correctly 1`] = `
<Fragment>
  <Form
    as="form"
    id="undefined-form"
  >
    <FormInput
      as={[Function]}
      control={[Function]}
      key="0"
      label="Subject"
      name="subject"
      onChange={[Function]}
      placeholder="Enter a subject for your note"
    />
    <FormTextArea
      as={[Function]}
      control={[Function]}
      key="1"
      label="Note *"
      name="note"
      onChange={[Function]}
      placeholder="Enter a description for your note (required)"
    />
    <FormField
      control={[Function]}
      onClick={[Function]}
    >
      Add Note
    </FormField>
  </Form>
</Fragment>
`;
