// Jest Snapshot v1, https://goo.gl/fbAQLP

exports[`App >> render() >> snapshot is up to date 1`] = `
<div>
  <nav
    id="application-navigation"
  >
    <i
      aria-label="Menu"
      class="bars big icon"
    />
    <h1>
      Your Notes
    </h1>
    <p>
      March 23, 2020
    </p>
  </nav>
  <div
    class="divider"
  />
  <main
    class="application"
    id="application"
  >
    <div
      class="ui equal width grid"
      id="application-no-notes-note"
    >
      <div
        class="one wide computer three wide mobile two wide tablet column icon"
      >
        <i
          aria-label="No Notes"
          class="exclamation big circular icon error"
        />
      </div>
      <div
        class="thirteen wide computer nine wide mobile twelve wide tablet column content"
      >
        <h3>
          No Notes
        </h3>
        <p>
          Add a note by clicking on the + icon below.
        </p>
      </div>
    </div>
  </main>
  <footer
    id="application-footer"
  >
    <p>
      NO NOTES
    </p>
    <i
      class="plus big icon"
      role="button"
    />
  </footer>
</div>
`;
